// Jest Snapshot v1, https://goo.gl/fbAQLP

exports[`Date Should accept valid props 1`] = `
<FormContext
  name="test"
  onClick={[Function]}
  value="20120409"
>
  <Changeable
    name="test"
    onClick={[Function]}
    value="20120409"
  >
    <DateField
      name="test"
      onChange={[Function]}
      onClick={[Function]}
      value="20120409"
    >
      <input
        name="test"
        onChange={[Function]}
        onClick={[Function]}
        type="date"
        value="2012-04-09"
      />
    </DateField>
  </Changeable>
</FormContext>
`;
