// Jest Snapshot v1, https://goo.gl/fbAQLP

exports[`Hidden Should accept valid props 1`] = `
<FormContext
  name="test"
  value="sausages"
>
  <Hidden
    name="test"
    value="sausages"
  >
    <input
      name="test"
      type="hidden"
      value="sausages"
    />
  </Hidden>
</FormContext>
`;
