// Jest Snapshot v1, https://goo.gl/fbAQLP

exports[`DataTable Can display 1`] = `
<DataTable
  className="data-table"
  classNames={
    Object {
      "noDataClass": "no-data",
    }
  }
  columns={
    Array [
      Object {
        "field": "id",
        "title": "ID",
      },
      Object {
        "field": "first_name",
        "title": "First Name",
      },
      Object {
        "field": "last_name",
        "title": "Last Name",
      },
      Object {
        "field": "email",
        "title": "Email",
      },
      Object {
        "field": "gender",
        "title": "Gender",
      },
    ]
  }
  data={
    Array [
      Object {
        "email": "cfilippozzi0@abc.net.au",
        "first_name": "Cobbie",
        "gender": "Male",
        "id": 1,
        "last_name": "Filippozzi",
      },
    ]
  }
  elements={
    Object {
      "body": [Function],
      "bodyCell": [Function],
      "footer": [Function],
      "header": [Function],
      "headerCell": [Function],
    }
  }
  onRowClick={[Function]}
>
  <table
    className="data-table"
  >
    <TableHeader
      cell={[Function]}
      className="data-table"
      classNames={
        Object {
          "noDataClass": "no-data",
        }
      }
      columns={
        Array [
          Object {
            "field": "id",
            "title": "ID",
          },
          Object {
            "field": "first_name",
            "title": "First Name",
          },
          Object {
            "field": "last_name",
            "title": "Last Name",
          },
          Object {
            "field": "email",
            "title": "Email",
          },
          Object {
            "field": "gender",
            "title": "Gender",
          },
        ]
      }
      data={
        Array [
          Object {
            "email": "cfilippozzi0@abc.net.au",
            "first_name": "Cobbie",
            "gender": "Male",
            "id": 1,
            "last_name": "Filippozzi",
          },
        ]
      }
      elements={
        Object {
          "body": [Function],
          "bodyCell": [Function],
          "footer": [Function],
          "header": [Function],
          "headerCell": [Function],
        }
      }
      idField="id"
      onRowClick={[Function]}
    >
      <thead>
        <tr>
          <ColumnHeader
            column={
              Object {
                "field": "id",
                "title": "ID",
              }
            }
            key="id"
            onHeaderClick={[Function]}
          >
            <th
              className="sortable"
              onClick={[Function]}
              onKeyDown={[Function]}
              role="columnheader"
              scope="col"
              tabIndex="-1"
            >
              ID
            </th>
          </ColumnHeader>
          <ColumnHeader
            column={
              Object {
                "field": "first_name",
                "title": "First Name",
              }
            }
            key="first_name"
            onHeaderClick={[Function]}
          >
            <th
              className="sortable"
              onClick={[Function]}
              onKeyDown={[Function]}
              role="columnheader"
              scope="col"
              tabIndex="-1"
            >
              First Name
            </th>
          </ColumnHeader>
          <ColumnHeader
            column={
              Object {
                "field": "last_name",
                "title": "Last Name",
              }
            }
            key="last_name"
            onHeaderClick={[Function]}
          >
            <th
              className="sortable"
              onClick={[Function]}
              onKeyDown={[Function]}
              role="columnheader"
              scope="col"
              tabIndex="-1"
            >
              Last Name
            </th>
          </ColumnHeader>
          <ColumnHeader
            column={
              Object {
                "field": "email",
                "title": "Email",
              }
            }
            key="email"
            onHeaderClick={[Function]}
          >
            <th
              className="sortable"
              onClick={[Function]}
              onKeyDown={[Function]}
              role="columnheader"
              scope="col"
              tabIndex="-1"
            >
              Email
            </th>
          </ColumnHeader>
          <ColumnHeader
            column={
              Object {
                "field": "gender",
                "title": "Gender",
              }
            }
            key="gender"
            onHeaderClick={[Function]}
          >
            <th
              className="sortable"
              onClick={[Function]}
              onKeyDown={[Function]}
              role="columnheader"
              scope="col"
              tabIndex="-1"
            >
              Gender
            </th>
          </ColumnHeader>
        </tr>
      </thead>
    </TableHeader>
    <TableBody
      cell={[Function]}
      className="data-table"
      classNames={
        Object {
          "noDataClass": "no-data",
        }
      }
      columns={
        Array [
          Object {
            "field": "id",
            "title": "ID",
          },
          Object {
            "field": "first_name",
            "title": "First Name",
          },
          Object {
            "field": "last_name",
            "title": "Last Name",
          },
          Object {
            "field": "email",
            "title": "Email",
          },
          Object {
            "field": "gender",
            "title": "Gender",
          },
        ]
      }
      data={
        Array [
          Object {
            "email": "cfilippozzi0@abc.net.au",
            "first_name": "Cobbie",
            "gender": "Male",
            "id": 1,
            "last_name": "Filippozzi",
          },
        ]
      }
      elements={
        Object {
          "body": [Function],
          "bodyCell": [Function],
          "footer": [Function],
          "header": [Function],
          "headerCell": [Function],
        }
      }
      idField="id"
      onRowClick={[Function]}
    >
      <tbody>
        <tr
          key="1"
          onClick={[Function]}
        >
          <TableBodyCell
            column={
              Object {
                "field": "id",
                "title": "ID",
              }
            }
            idField="id"
            key="idid"
            row={
              Object {
                "email": "cfilippozzi0@abc.net.au",
                "first_name": "Cobbie",
                "gender": "Male",
                "id": 1,
                "last_name": "Filippozzi",
              }
            }
          >
            <td
              key="1id"
            >
              1
            </td>
          </TableBodyCell>
          <TableBodyCell
            column={
              Object {
                "field": "first_name",
                "title": "First Name",
              }
            }
            idField="id"
            key="idfirst_name"
            row={
              Object {
                "email": "cfilippozzi0@abc.net.au",
                "first_name": "Cobbie",
                "gender": "Male",
                "id": 1,
                "last_name": "Filippozzi",
              }
            }
          >
            <td
              key="1first_name"
            >
              Cobbie
            </td>
          </TableBodyCell>
          <TableBodyCell
            column={
              Object {
                "field": "last_name",
                "title": "Last Name",
              }
            }
            idField="id"
            key="idlast_name"
            row={
              Object {
                "email": "cfilippozzi0@abc.net.au",
                "first_name": "Cobbie",
                "gender": "Male",
                "id": 1,
                "last_name": "Filippozzi",
              }
            }
          >
            <td
              key="1last_name"
            >
              Filippozzi
            </td>
          </TableBodyCell>
          <TableBodyCell
            column={
              Object {
                "field": "email",
                "title": "Email",
              }
            }
            idField="id"
            key="idemail"
            row={
              Object {
                "email": "cfilippozzi0@abc.net.au",
                "first_name": "Cobbie",
                "gender": "Male",
                "id": 1,
                "last_name": "Filippozzi",
              }
            }
          >
            <td
              key="1email"
            >
              cfilippozzi0@abc.net.au
            </td>
          </TableBodyCell>
          <TableBodyCell
            column={
              Object {
                "field": "gender",
                "title": "Gender",
              }
            }
            idField="id"
            key="idgender"
            row={
              Object {
                "email": "cfilippozzi0@abc.net.au",
                "first_name": "Cobbie",
                "gender": "Male",
                "id": 1,
                "last_name": "Filippozzi",
              }
            }
          >
            <td
              key="1gender"
            >
              Male
            </td>
          </TableBodyCell>
        </tr>
      </tbody>
    </TableBody>
    <TableFooter
      className="data-table"
      classNames={
        Object {
          "noDataClass": "no-data",
        }
      }
      columns={
        Array [
          Object {
            "field": "id",
            "title": "ID",
          },
          Object {
            "field": "first_name",
            "title": "First Name",
          },
          Object {
            "field": "last_name",
            "title": "Last Name",
          },
          Object {
            "field": "email",
            "title": "Email",
          },
          Object {
            "field": "gender",
            "title": "Gender",
          },
        ]
      }
      data={
        Array [
          Object {
            "email": "cfilippozzi0@abc.net.au",
            "first_name": "Cobbie",
            "gender": "Male",
            "id": 1,
            "last_name": "Filippozzi",
          },
        ]
      }
      elements={
        Object {
          "body": [Function],
          "bodyCell": [Function],
          "footer": [Function],
          "header": [Function],
          "headerCell": [Function],
        }
      }
      idField="id"
      onRowClick={[Function]}
    >
      <tfoot>
        <tr>
          <td
            colSpan={5}
          />
        </tr>
      </tfoot>
    </TableFooter>
  </table>
</DataTable>
`;
