// Jest Snapshot v1, https://goo.gl/fbAQLP

exports[`File Basic changeable tests Should accept valid props 1`] = `
<FormContext
  name="test"
  onClick={[Function]}
>
  <FormContextInner
    ctx={null}
    name="test"
    onClick={[Function]}
  >
    <Changeable
      name="test"
      onClick={[Function]}
    >
      <File
        name="test"
        onChange={[Function]}
        onClick={[Function]}
      >
        <input
          name="test"
          onChange={[Function]}
          onClick={[Function]}
          type="file"
        />
      </File>
    </Changeable>
  </FormContextInner>
</FormContext>
`;
