// Jest Snapshot v1, https://goo.gl/fbAQLP

exports[`SubmitButton Should accept valid props 1`] = `
<SubmitButton
  name="test"
  onClick={[Function]}
  type="submit"
>
  <FormContext
    name="test"
    onClick={[Function]}
    type="submit"
  >
    <Clickable
      name="test"
      onClick={[Function]}
      type="submit"
    >
      <Button
        name="test"
        onClick={[Function]}
        type="submit"
        value=""
      >
        <button
          name="test"
          onClick={[Function]}
          type="submit"
          value=""
        />
      </Button>
    </Clickable>
  </FormContext>
</SubmitButton>
`;
