// Jest Snapshot v1, https://goo.gl/fbAQLP

exports[`Password Should accept valid props 1`] = `
<FormContext
  name="test"
  onClick={[Function]}
  value="secret"
>
  <Changeable
    name="test"
    onClick={[Function]}
    value="secret"
  >
    <Password
      name="test"
      onChange={[Function]}
      onClick={[Function]}
      value="secret"
    >
      <input
        name="test"
        onChange={[Function]}
        onClick={[Function]}
        type="password"
        value="secret"
      />
    </Password>
  </Changeable>
</FormContext>
`;
