// Jest Snapshot v1, https://goo.gl/fbAQLP

exports[`Pagination Can display 1`] = `
<Pagination
  buffer="5"
  link={[Function]}
  onPageChange={[Function]}
  page="3"
  pageSize="25"
  rows="214"
>
  <div>
    <ul
      className="pagination"
    >
      <li
        className=""
        key="first"
      >
        <Link
          onClick={[Function]}
          page={1}
          pageSize="25"
        >
          <a
            onClick={[Function]}
          >
            First
          </a>
        </Link>
      </li>
      <li
        className=""
        key="prev"
      >
        <Link
          onClick={[Function]}
          page={2}
          pageSize="25"
        >
          <a
            onClick={[Function]}
          >
            Previous
          </a>
        </Link>
      </li>
      <li
        className="waves-effect"
        key="1"
      >
        <Link
          onClick={[Function]}
          page={1}
          pageSize="25"
        >
          <a
            onClick={[Function]}
          >
            1
          </a>
        </Link>
      </li>
      <li
        className="waves-effect"
        key="2"
      >
        <Link
          onClick={[Function]}
          page={2}
          pageSize="25"
        >
          <a
            onClick={[Function]}
          >
            2
          </a>
        </Link>
      </li>
      <li
        className="waves-effect active"
        key="3"
      >
        <Link
          onClick={[Function]}
          page={3}
          pageSize="25"
        >
          <a
            onClick={[Function]}
          >
            3
          </a>
        </Link>
      </li>
      <li
        className="waves-effect"
        key="4"
      >
        <Link
          onClick={[Function]}
          page={4}
          pageSize="25"
        >
          <a
            onClick={[Function]}
          >
            4
          </a>
        </Link>
      </li>
      <li
        className="waves-effect"
        key="5"
      >
        <Link
          onClick={[Function]}
          page={5}
          pageSize="25"
        >
          <a
            onClick={[Function]}
          >
            5
          </a>
        </Link>
      </li>
      <li
        className="waves-effect"
        key="6"
      >
        <Link
          onClick={[Function]}
          page={6}
          pageSize="25"
        >
          <a
            onClick={[Function]}
          >
            6
          </a>
        </Link>
      </li>
      <li
        className="waves-effect"
        key="7"
      >
        <Link
          onClick={[Function]}
          page={7}
          pageSize="25"
        >
          <a
            onClick={[Function]}
          >
            7
          </a>
        </Link>
      </li>
      <li
        className="waves-effect"
        key="8"
      >
        <Link
          onClick={[Function]}
          page={8}
          pageSize="25"
        >
          <a
            onClick={[Function]}
          >
            8
          </a>
        </Link>
      </li>
      <li
        className=""
        key="next"
      >
        <Link
          onClick={[Function]}
          page={4}
          pageSize="25"
        >
          <a
            onClick={[Function]}
          >
            Next
          </a>
        </Link>
      </li>
      <li
        className=""
        key="last"
      >
        <Link
          onClick={[Function]}
          page={9}
          pageSize="25"
        >
          <a
            onClick={[Function]}
          >
            Last
          </a>
        </Link>
      </li>
    </ul>
    <div
      className="clearfix"
    />
    <small
      className="pagination-summary"
    >
      Page 
      3
       of 
      9
       - 
      214
       rows total.
    </small>
  </div>
</Pagination>
`;
