// Jest Snapshot v1, https://goo.gl/fbAQLP

exports[`Pagination Can display 1`] = `
<Pagination
  buffer="5"
  generateUri={[Function]}
  onPageChange={[Function]}
  page="3"
  pageSize="25"
  rows="214"
>
  <div>
    <ul
      className="pagination"
    >
      <li
        className=""
        key="first"
      >
        <a
          onClick={[Function]}
        >
          First
        </a>
      </li>
      <li
        className=""
        key="prev"
      >
        <a
          onClick={[Function]}
        >
          Previous
        </a>
      </li>
      <li
        className="waves-effect"
        key="1"
      >
        <a
          onClick={[Function]}
        >
          1
        </a>
      </li>
      <li
        className="waves-effect"
        key="2"
      >
        <a
          onClick={[Function]}
        >
          2
        </a>
      </li>
      <li
        className="waves-effect active"
        key="3"
      >
        <a
          onClick={[Function]}
        >
          3
        </a>
      </li>
      <li
        className="waves-effect"
        key="4"
      >
        <a
          onClick={[Function]}
        >
          4
        </a>
      </li>
      <li
        className="waves-effect"
        key="5"
      >
        <a
          onClick={[Function]}
        >
          5
        </a>
      </li>
      <li
        className="waves-effect"
        key="6"
      >
        <a
          onClick={[Function]}
        >
          6
        </a>
      </li>
      <li
        className="waves-effect"
        key="7"
      >
        <a
          onClick={[Function]}
        >
          7
        </a>
      </li>
      <li
        className="waves-effect"
        key="8"
      >
        <a
          onClick={[Function]}
        >
          8
        </a>
      </li>
      <li
        className=""
        key="next"
      >
        <a
          onClick={[Function]}
        >
          Next
        </a>
      </li>
      <li
        className=""
        key="last"
      >
        <a
          onClick={[Function]}
        >
          Last
        </a>
      </li>
    </ul>
    <div
      className="clearfix"
    />
    <small
      className="pagination-summary"
    >
      Page 
      3
       of 
      9
       - 
      214
       rows total.
    </small>
  </div>
</Pagination>
`;
