// Jest Snapshot v1, https://goo.gl/fbAQLP

exports[`Checkbox Should accept valid props 1`] = `
<GroupContext
  name="test"
  onChange={[Function]}
  value="fire"
>
  <FormContext
    name="test"
    onChange={[Function]}
    value="fire"
  >
    <Changeable
      checked={false}
      name="test"
      onChange={[Function]}
      value="fire"
    >
      <Checkbox
        checked={false}
        name="test"
        onChange={[Function]}
        value="fire"
      >
        <input
          checked={false}
          name="test"
          onChange={[Function]}
          type="checkbox"
          value="fire"
        />
      </Checkbox>
    </Changeable>
  </FormContext>
</GroupContext>
`;
