// Jest Snapshot v1, https://goo.gl/fbAQLP

exports[`Toggle Should accept valid props 1`] = `
<GroupContext
  name="test"
  onChange={[Function]}
  value="fire"
>
  <FormContext
    name="test"
    onChange={[Function]}
    value="fire"
  >
    <Changeable
      name="test"
      onChange={[Function]}
      value="fire"
    >
      <Toggle
        name="test"
        onChange={[Function]}
        value="fire"
      >
        <div
          className="toggle"
        >
          <input
            id="test"
            name="test"
            onChange={[Function]}
            type="checkbox"
            value="fire"
          />
          <label
            htmlFor="test"
          >
            <span
              className="switch"
            >
              <span
                className="switch-inner"
                tabIndex={-1}
              />
            </span>
          </label>
        </div>
      </Toggle>
    </Changeable>
  </FormContext>
</GroupContext>
`;
