// Jest Snapshot v1, https://goo.gl/fbAQLP

exports[`Radio Should accept valid props 1`] = `
<GroupContext
  name="test"
  onChange={[Function]}
  value="fire"
>
  <FormContext
    name="test"
    onChange={[Function]}
    value="fire"
  >
    <Changeable
      name="test"
      onChange={[Function]}
      value="fire"
    >
      <Radio
        name="test"
        onChange={[Function]}
        value="fire"
      >
        <input
          name="test"
          onChange={[Function]}
          type="radio"
          value="fire"
        />
      </Radio>
    </Changeable>
  </FormContext>
</GroupContext>
`;
